// Vitest Snapshot v1, https://vitest.dev/guide/snapshot.html

exports[`Header > should match snapshot 1`] = `
<div>
  <header
    class="relative z-30 flex min-h-[49px] w-full justify-center border-b border-secondary bg-layer-1"
  >
    <a
      aria-label="logo"
      class="h-[48px] min-w-[125px] bg-contain bg-right bg-no-repeat"
      href="/"
      style="background-image: url(undefined);"
    />
  </header>
</div>
`;
